###############################################################################
#
# IAR ELF Linker V9.10.2.313/W64 for ARM                  22/Jul/2021  20:52:14
# Copyright 2007-2021 IAR Systems AB.
#
#    Output file  =
#        C:\Users\andré\Desktop\UTFPR\Sistemas
#        Embarcados\TM4C1294_RTOS_IAR9-main\Projects\Laboratorio_05\Debug\Exe\Laboratorio_05.out
#    Map file     =
#        C:\Users\andré\Desktop\UTFPR\Sistemas
#        Embarcados\TM4C1294_RTOS_IAR9-main\Projects\Laboratorio_05\Debug\List\Laboratorio_05.map
#    Command line =
#        -f "C:\Users\andré\Desktop\UTFPR\Sistemas
#        Embarcados\TM4C1294_RTOS_IAR9-main\Projects\Laboratorio_05\Debug\Exe\Laboratorio_05.out.rsp"
#        ("C:\Users\andré\Desktop\UTFPR\Sistemas
#        Embarcados\TM4C1294_RTOS_IAR9-main\Projects\Laboratorio_05\Debug\Obj\driverbuttons.o"
#        "C:\Users\andré\Desktop\UTFPR\Sistemas
#        Embarcados\TM4C1294_RTOS_IAR9-main\Projects\Laboratorio_05\Debug\Obj\driverleds.o"
#        "C:\Users\andré\Desktop\UTFPR\Sistemas
#        Embarcados\TM4C1294_RTOS_IAR9-main\TivaWare_C_Series-2.1.4.178\driverlib\ewarm\Exe\driverlib.a"
#        "C:\Users\andré\Desktop\UTFPR\Sistemas
#        Embarcados\TM4C1294_RTOS_IAR9-main\Projects\Laboratorio_05\Debug\Obj\Lab5.o"
#        "C:\Users\andré\Desktop\UTFPR\Sistemas
#        Embarcados\TM4C1294_RTOS_IAR9-main\CMSIS-5.6.0\CMSIS\RTOS2\RTX\Library\IAR\IDE\CM4F\Exe\RTX_CM.a"
#        "C:\Users\andré\Desktop\UTFPR\Sistemas
#        Embarcados\TM4C1294_RTOS_IAR9-main\Projects\Laboratorio_05\Debug\Obj\RTX_Config.o"
#        "C:\Users\andré\Desktop\UTFPR\Sistemas
#        Embarcados\TM4C1294_RTOS_IAR9-main\Projects\Laboratorio_05\Debug\Obj\rtx_lib.o"
#        "C:\Users\andré\Desktop\UTFPR\Sistemas
#        Embarcados\TM4C1294_RTOS_IAR9-main\Projects\Laboratorio_05\Debug\Obj\startup_TM4C1294.o"
#        "C:\Users\andré\Desktop\UTFPR\Sistemas
#        Embarcados\TM4C1294_RTOS_IAR9-main\Projects\Laboratorio_05\Debug\Obj\system_TM4C1294_TW.o"
#        --no_out_extension -o "C:\Users\andré\Desktop\UTFPR\Sistemas
#        Embarcados\TM4C1294_RTOS_IAR9-main\Projects\Laboratorio_05\Debug\Exe\Laboratorio_05.out"
#        --map "C:\Users\andré\Desktop\UTFPR\Sistemas
#        Embarcados\TM4C1294_RTOS_IAR9-main\Projects\Laboratorio_05\Debug\List\Laboratorio_05.map"
#        --config "C:\Program Files (x86)\AR Systems\Embedded Workbench
#        9.10.2\arm\config\linker\TexasInstruments\TM4C1294NC.icf"
#        --semihosting --entry __iar_program_start --vfe --text_out locale)
#
###############################################################################

*******************************************************************************
*** RUNTIME MODEL ATTRIBUTES
***

CppFlavor       = *
__SystemLibrary = DLib
__dlib_version  = 6


*******************************************************************************
*** HEAP SELECTION
***

The basic heap was selected because some modules are built with
size limitations (and not runtime checking), and --advanced_heap
was not specified.


*******************************************************************************
*** PLACEMENT SUMMARY
***

"A0":  place at address 0x0 { ro section .intvec };
"P1":  place in [from 0x0 to 0xf'ffff] { ro };
define block CSTACK with size = 32K, alignment = 8 { };
define block HEAP with size = 64K, alignment = 8 { };
"P2":  place in [from 0x2000'0000 to 0x2003'ffff] {
          rw, block CSTACK, block HEAP };
initialize by copy { rw };

  Section               Kind         Address    Size  Object
  -------               ----         -------    ----  ------
"A0":                                          0x3c0
  .intvec               ro code          0x0   0x3c0  startup_TM4C1294.o [1]
                                     - 0x3c0   0x3c0

"P1":                                         0x2805
  .text                 ro code        0x3c0   0x740  rtx_thread.o [2]
  .text                 ro code        0xb00     0x2  rtx_evr.o [2]
  .text                 ro code        0xb02     0x2  rtx_evr.o [2]
  .text                 ro code        0xb04     0x2  rtx_evr.o [2]
  .text                 ro code        0xb06     0x2  rtx_evr.o [2]
  .text                 ro code        0xb08     0x2  rtx_evr.o [2]
  .text                 ro code        0xb0a     0x2  rtx_evr.o [2]
  .text                 ro code        0xb0c     0x2  rtx_evr.o [2]
  .text                 ro code        0xb0e     0x2  rtx_evr.o [2]
  .text                 ro code        0xb10     0x2  rtx_evr.o [2]
  .text                 ro code        0xb12     0x2  rtx_evr.o [2]
  .text                 ro code        0xb14    0x28  rtx_thread.o [2]
  .text                 ro code        0xb3c     0x2  rtx_evr.o [2]
  .text                 ro code        0xb3e     0x2  rtx_evr.o [2]
  .text                 ro code        0xb40     0x2  rtx_evr.o [2]
  .text                 ro code        0xb42    0x3a  packbits_init_single.o [5]
  .text                 ro code        0xb7c    0xe6  rtx_mempool.o [2]
  .text                 ro code        0xc62     0x2  rtx_evr.o [2]
  .text                 ro code        0xc64    0x84  rtx_memory.o [2]
  .text                 ro code        0xce8     0x6  ABImemclr4.o [5]
  .text                 ro code        0xcee     0x2  rtx_evr.o [2]
  .text                 ro code        0xcf0    0x4a  rtx_memory.o [2]
  .text                 ro code        0xd3a     0x2  RTX_Config.o [1]
  .text                 ro code        0xd3c    0x52  rtx_mutex.o [2]
  .text                 ro code        0xd8e     0x2  rtx_evr.o [2]
  .text                 ro code        0xd90     0x2  rtx_evr.o [2]
  .text                 ro code        0xd92     0x2  rtx_evr.o [2]
  .text                 ro code        0xd94     0x2  rtx_evr.o [2]
  .text                 ro code        0xd96    0x20  RTX_Config.o [1]
  .text                 ro code        0xdb6     0x2  rtx_evr.o [2]
  .text                 ro code        0xdb8     0x2  rtx_evr.o [2]
  .text                 ro code        0xdba     0x2  rtx_evr.o [2]
  .text                 ro code        0xdbc     0x2  rtx_evr.o [2]
  .text                 ro code        0xdbe     0x2  startup_TM4C1294.o [1]
  .text                 ro code        0xdc0    0x32  ABImemset48.o [5]
  .text                 ro code        0xdf2     0x2  rtx_evr.o [2]
  .text                 ro code        0xdf4     0x2  rtx_evr.o [2]
  .text                 ro code        0xdf6     0x2  rtx_evr.o [2]
  .text                 ro code        0xdf8   0x61c  rtx_msgqueue.o [2]
  .text                 ro code       0x1414    0xa6  ABImemcpy.o [5]
  .text                 ro code       0x14ba     0x2  rtx_evr.o [2]
  .text                 ro code       0x14bc     0x2  rtx_evr.o [2]
  .text                 ro code       0x14be     0x2  rtx_evr.o [2]
  .text                 ro code       0x14c0     0x6  ABImemclr.o [5]
  .text                 ro code       0x14c6     0x2  rtx_evr.o [2]
  .text                 ro code       0x14c8     0x2  rtx_evr.o [2]
  .text                 ro code       0x14ca     0x2  rtx_evr.o [2]
  .text                 ro code       0x14cc     0x2  rtx_evr.o [2]
  .text                 ro code       0x14ce     0x2  rtx_evr.o [2]
  .text                 ro code       0x14d0     0x2  rtx_evr.o [2]
  .text                 ro code       0x14d2     0x2  rtx_evr.o [2]
  .text                 ro code       0x14d4   0x174  rtx_system.o [2]
  .text                 ro code       0x1648     0x2  rtx_evr.o [2]
  .text                 ro code       0x164a     0x2  rtx_evr.o [2]
  .text                 ro code       0x164c    0x5e  ABImemset.o [5]
  .text                 ro code       0x16ac     0xc  os_systick.o [2]
  .text                 ro code       0x16b8   0x330  rtx_semaphore.o [2]
  .text                 ro code       0x19e8     0x2  rtx_evr.o [2]
  .text                 ro code       0x19ea     0x2  rtx_evr.o [2]
  .text                 ro code       0x19ec     0x2  rtx_evr.o [2]
  .text                 ro code       0x19ee     0x2  rtx_evr.o [2]
  .text                 ro code       0x19f0     0x2  rtx_evr.o [2]
  .text                 ro code       0x19f2     0x2  rtx_evr.o [2]
  .text                 ro code       0x19f4     0x2  rtx_evr.o [2]
  .text                 ro code       0x19f6     0x2  rtx_evr.o [2]
  .text                 ro code       0x19f8     0x2  rtx_evr.o [2]
  .text                 ro code       0x19fc   0x2c8  rtx_kernel.o [2]
  .text                 ro code       0x1cc4     0x2  rtx_evr.o [2]
  .text                 ro code       0x1cc6    0x44  rtx_memory.o [2]
  .text                 ro code       0x1d0a     0x2  rtx_evr.o [2]
  .text                 ro code       0x1d0c     0x2  rtx_evr.o [2]
  .text                 ro code       0x1d10    0x40  os_systick.o [2]
  .text                 ro code       0x1d50     0x6  os_systick.o [2]
  .text                 ro code       0x1d58    0x2c  os_systick.o [2]
  .text                 ro code       0x1d84     0x2  rtx_evr.o [2]
  .text                 ro code       0x1d86     0x2  rtx_lib.o [1]
  .text                 ro code       0x1d88     0x2  rtx_evr.o [2]
  .text                 ro code       0x1d8a     0x2  rtx_evr.o [2]
  .text                 ro code       0x1d8c     0x2  rtx_evr.o [2]
  .text                 ro code       0x1d8e     0x2  rtx_evr.o [2]
  .text                 ro code       0x1d90   0x2a0  sysctl.o [4]
  .text                 ro code       0x2030   0x1d0  gpio.o [4]
  .rodata               const         0x2200   0x1b0  sysctl.o [4]
  .text                 ro code       0x23b0   0x130  driverleds.o [1]
  .text                 ro code       0x24e0   0x10c  Lab5.o [1]
  .text                 ro code       0x25ec    0xac  driverbuttons.o [1]
  .text                 ro code       0x2698    0x7c  rtx_delay.o [2]
  .text                 ro code       0x2714    0x70  interrupt.o [4]
  .text                 ro code       0x2784     0x2  rtx_evr.o [2]
  .text                 ro code       0x2786     0x2  rtx_evr.o [2]
  .text                 ro code       0x2788     0x2  rtx_evr.o [2]
  .text                 ro code       0x278c    0xc4  irq_cm4f.o [2]
  .text                 ro code       0x2850    0x90  rtx_timer.o [2]
  .rodata               const         0x28e0    0x6c  sysctl.o [4]
  .rodata               const         0x294c    0x68  rtx_lib.o [1]
  .text                 ro code       0x29b4    0x44  rtx_timer.o [2]
  .text                 ro code       0x29f8     0x2  rtx_evr.o [2]
  .text                 ro code       0x29fa    0x38  zero_init3.o [5]
  .rodata               const         0x2a34    0x30  sysctl.o [4]
  .text                 ro code       0x2a64    0x30  system_TM4C1294_TW.o [1]
  .text                 ro code       0x2a94    0x28  data_init.o [5]
  .rodata               const         0x2abc    0x24  rtx_lib.o [1]
  .rodata               const         0x2ae0    0x24  rtx_lib.o [1]
  .iar.init_table       const         0x2b04    0x20  - Linker created -
  .text                 ro code       0x2b24    0x1e  cmain.o [5]
  .text                 ro code       0x2b42     0x4  low_level_init.o [3]
  .text                 ro code       0x2b46     0x4  exit.o [3]
  .text                 ro code       0x2b4c     0xa  cexit.o [5]
  .text                 ro code       0x2b58    0x14  exit.o [6]
  .text                 ro code       0x2b6c    0x1c  cstartup_M.o [5]
  .text                 ro code       0x2b88    0x14  startup_TM4C1294.o [1]
  .rodata               const         0x2b9c    0x18  rtx_lib.o [1]
  .rodata               const         0x2bb4     0x4  rtx_lib.o [1]
  .rodata               const         0x2bb8     0x0  zero_init3.o [5]
  .rodata               const         0x2bb8     0x0  packbits_init_single.o [5]
  Initializer bytes     const         0x2bb8     0xd  <for P2-1>
                                    - 0x2bc5  0x2805

"P2", part 1 of 3:                              0xa4
  P2-1                           0x2000'0000    0xa4  <Init block>
    .data.os            inited   0x2000'0000    0xa4  rtx_kernel.o [2]
                               - 0x2000'00a4    0xa4

"P2", part 2 of 3:                            0x1368
  .bss.os               zero     0x2000'00a8  0x1000  rtx_lib.o [1]
  .bss.os.thread.stack  zero     0x2000'10a8   0x100  rtx_lib.o [1]
  .bss.os.thread.stack  zero     0x2000'11a8   0x100  rtx_lib.o [1]
  .bss.os.msgqueue.mem  zero     0x2000'12a8    0x50  rtx_lib.o [1]
  .bss.os.thread.cb     zero     0x2000'12f8    0x44  rtx_lib.o [1]
  .bss.os.thread.cb     zero     0x2000'133c    0x44  rtx_lib.o [1]
  .bss.os               zero     0x2000'1380    0x40  rtx_lib.o [1]
  .bss.os.msgqueue.cb   zero     0x2000'13c0    0x34  rtx_lib.o [1]
  .bss                  zero     0x2000'13f4     0x8  Lab5.o [1]
  .bss                  zero     0x2000'13fc     0x4  Lab5.o [1]
  .bss                  zero     0x2000'1400     0x4  Lab5.o [1]
  .bss                  zero     0x2000'1404     0x4  Lab5.o [1]
  .bss                  zero     0x2000'1408     0x1  Lab5.o [1]
  .bss                  zero     0x2000'1409     0x1  Lab5.o [1]
  .bss                  zero     0x2000'140a     0x1  os_systick.o [2]
                               - 0x2000'140b  0x1367

"P2", part 3 of 3:                            0x8004
  .noinit               uninit   0x2000'140c     0x4  system_TM4C1294_TW.o [1]
  CSTACK                         0x2000'1410  0x8000  <Block>
    CSTACK              uninit   0x2000'1410  0x8000  <Block tail>
                               - 0x2000'9410  0x8004

Unused ranges:

         From           To      Size
         ----           --      ----
       0x2bc5     0xf'ffff  0xf'd43b
  0x2000'9410  0x2003'ffff  0x3'6bf0


*******************************************************************************
*** INIT TABLE
***

          Address      Size
          -------      ----
Zero (__iar_zero_init3)
    1 destination range, total size 0x1363:
          0x2000'00a8  0x1363

Copy/packbits (__iar_packbits_init_single3)
    1 source range, total size 0xd (7% of destination):
               0x2bb8     0xd
    1 destination range, total size 0xa4:
          0x2000'0000    0xa4



*******************************************************************************
*** MODULE SUMMARY
***

    Module                  ro code  ro data  rw data
    ------                  -------  -------  -------
command line/config:
    -------------------------------------------------
    Total:

C:\Users\andré\Desktop\UTFPR\Sistemas Embarcados\TM4C1294_RTOS_IAR9-main\Projects\Laboratorio_05\Debug\Obj: [1]
    Lab5.o                      268                22
    RTX_Config.o                 34
    driverbuttons.o             172
    driverleds.o                304
    rtx_lib.o                     2      204    4'940
    startup_TM4C1294.o          982
    system_TM4C1294_TW.o         48                 4
    -------------------------------------------------
    Total:                    1'810      204    4'966

RTX_CM.a: [2]
    irq_cm4f.o                  196
    os_systick.o                126                 1
    rtx_delay.o                 124
    rtx_evr.o                   118
    rtx_kernel.o                712       13      164
    rtx_memory.o                274
    rtx_mempool.o               230
    rtx_msgqueue.o            1'564
    rtx_mutex.o                  82
    rtx_semaphore.o             816
    rtx_system.o                372
    rtx_thread.o              1'896
    rtx_timer.o                 212
    -------------------------------------------------
    Total:                    6'722       13      165

dl7M_tln.a: [3]
    exit.o                        4
    low_level_init.o              4
    -------------------------------------------------
    Total:                        8

driverlib.a: [4]
    gpio.o                      464
    interrupt.o                 112
    sysctl.o                    672      588
    -------------------------------------------------
    Total:                    1'248      588

rt7M_tl.a: [5]
    ABImemclr.o                   6
    ABImemclr4.o                  6
    ABImemcpy.o                 166
    ABImemset.o                  94
    ABImemset48.o                50
    cexit.o                      10
    cmain.o                      30
    cstartup_M.o                 28
    data_init.o                  40
    packbits_init_single.o       58
    zero_init3.o                 56
    -------------------------------------------------
    Total:                      544

shb_l.a: [6]
    exit.o                       20
    -------------------------------------------------
    Total:                       20

    Gaps                         14        2        4
    Linker created                        32   32'768
-----------------------------------------------------
    Grand Total:             10'366      839   37'903


*******************************************************************************
*** ENTRY LIST
***

Entry                       Address    Size  Type      Object
-----                       -------    ----  ----      ------
.iar.init_table$$Base        0x2b04           --   Gb  - Linker created -
.iar.init_table$$Limit       0x2b24           --   Gb  - Linker created -
?main                        0x2b25          Code  Gb  cmain.o [5]
ButtonInit                   0x25ed    0x46  Code  Gb  driverbuttons.o [1]
ButtonIntClear               0x2671    0x1e  Code  Gb  driverbuttons.o [1]
ButtonIntEnable              0x2633    0x3e  Code  Gb  driverbuttons.o [1]
CSTACK$$Base            0x2000'1410           --   Gb  - Linker created -
CSTACK$$Limit           0x2000'9410           --   Gb  - Linker created -
EvrRtxDelayCompleted          0xb01     0x2  Code  Gb  rtx_evr.o [2]
EvrRtxDelayError             0x2785     0x2  Code  Gb  rtx_evr.o [2]
EvrRtxDelayUntil             0x2789     0x2  Code  Gb  rtx_evr.o [2]
EvrRtxDelayUntilStarted
                             0x2787     0x2  Code  Gb  rtx_evr.o [2]
EvrRtxEventFlagsWaitTimeout
                              0xb05     0x2  Code  Gb  rtx_evr.o [2]
EvrRtxKernelError            0x1cc5     0x2  Code  Gb  rtx_evr.o [2]
EvrRtxKernelGetState         0x1d0d     0x2  Code  Gb  rtx_evr.o [2]
EvrRtxKernelGetTickCount
                             0x1d8d     0x2  Code  Gb  rtx_evr.o [2]
EvrRtxKernelInitialize       0x1d89     0x2  Code  Gb  rtx_evr.o [2]
EvrRtxKernelInitialized
                             0x1d0b     0x2  Code  Gb  rtx_evr.o [2]
EvrRtxKernelStart            0x1d8b     0x2  Code  Gb  rtx_evr.o [2]
EvrRtxKernelStarted          0x1d85     0x2  Code  Gb  rtx_evr.o [2]
EvrRtxMemoryAlloc             0xdbd     0x2  Code  Gb  rtx_evr.o [2]
EvrRtxMemoryBlockAlloc        0xdb9     0x2  Code  Gb  rtx_evr.o [2]
EvrRtxMemoryBlockFree         0xdbb     0x2  Code  Gb  rtx_evr.o [2]
EvrRtxMemoryBlockInit         0xdb7     0x2  Code  Gb  rtx_evr.o [2]
EvrRtxMemoryFree              0xdf3     0x2  Code  Gb  rtx_evr.o [2]
EvrRtxMemoryInit             0x1d8f     0x2  Code  Gb  rtx_evr.o [2]
EvrRtxMemoryPoolAllocTimeout
                              0xb0b     0x2  Code  Gb  rtx_evr.o [2]
EvrRtxMessageQueueCreated
                             0x14c7     0x2  Code  Gb  rtx_evr.o [2]
EvrRtxMessageQueueError
                             0x14bf     0x2  Code  Gb  rtx_evr.o [2]
EvrRtxMessageQueueGet        0x164b     0x2  Code  Gb  rtx_evr.o [2]
EvrRtxMessageQueueGetPending
                             0x14cd     0x2  Code  Gb  rtx_evr.o [2]
EvrRtxMessageQueueGetTimeout
                              0xb0d     0x2  Code  Gb  rtx_evr.o [2]
EvrRtxMessageQueueInsertPending
                             0x1649     0x2  Code  Gb  rtx_evr.o [2]
EvrRtxMessageQueueInserted
                             0x14bb     0x2  Code  Gb  rtx_evr.o [2]
EvrRtxMessageQueueNew        0x14d1     0x2  Code  Gb  rtx_evr.o [2]
EvrRtxMessageQueueNotInserted
                             0x14cb     0x2  Code  Gb  rtx_evr.o [2]
EvrRtxMessageQueueNotRetrieved
                             0x14cf     0x2  Code  Gb  rtx_evr.o [2]
EvrRtxMessageQueuePut        0x14d3     0x2  Code  Gb  rtx_evr.o [2]
EvrRtxMessageQueuePutPending
                             0x14c9     0x2  Code  Gb  rtx_evr.o [2]
EvrRtxMessageQueuePutTimeout
                              0xb0f     0x2  Code  Gb  rtx_evr.o [2]
EvrRtxMessageQueueRetrieved
                             0x14bd     0x2  Code  Gb  rtx_evr.o [2]
EvrRtxMutexAcquireTimeout
                              0xb07     0x2  Code  Gb  rtx_evr.o [2]
EvrRtxMutexAcquired           0xdf7     0x2  Code  Gb  rtx_evr.o [2]
EvrRtxMutexReleased           0xdf5     0x2  Code  Gb  rtx_evr.o [2]
EvrRtxSemaphoreAcquire       0x19f7     0x2  Code  Gb  rtx_evr.o [2]
EvrRtxSemaphoreAcquirePending
                             0x19ef     0x2  Code  Gb  rtx_evr.o [2]
EvrRtxSemaphoreAcquireTimeout
                              0xb09     0x2  Code  Gb  rtx_evr.o [2]
EvrRtxSemaphoreAcquired
                             0x19e9     0x2  Code  Gb  rtx_evr.o [2]
EvrRtxSemaphoreCreated       0x19eb     0x2  Code  Gb  rtx_evr.o [2]
EvrRtxSemaphoreError         0x19ed     0x2  Code  Gb  rtx_evr.o [2]
EvrRtxSemaphoreNew           0x19f5     0x2  Code  Gb  rtx_evr.o [2]
EvrRtxSemaphoreNotAcquired
                             0x19f1     0x2  Code  Gb  rtx_evr.o [2]
EvrRtxSemaphoreRelease       0x19f9     0x2  Code  Gb  rtx_evr.o [2]
EvrRtxSemaphoreReleased
                             0x19f3     0x2  Code  Gb  rtx_evr.o [2]
EvrRtxThreadBlocked           0xb3f     0x2  Code  Gb  rtx_evr.o [2]
EvrRtxThreadCreated           0xcef     0x2  Code  Gb  rtx_evr.o [2]
EvrRtxThreadDestroyed         0xd91     0x2  Code  Gb  rtx_evr.o [2]
EvrRtxThreadError             0xc63     0x2  Code  Gb  rtx_evr.o [2]
EvrRtxThreadExit              0xd95     0x2  Code  Gb  rtx_evr.o [2]
EvrRtxThreadFlagsWaitCompleted
                              0xb41     0x2  Code  Gb  rtx_evr.o [2]
EvrRtxThreadFlagsWaitTimeout
                              0xb03     0x2  Code  Gb  rtx_evr.o [2]
EvrRtxThreadJoined            0xd8f     0x2  Code  Gb  rtx_evr.o [2]
EvrRtxThreadNew               0xd93     0x2  Code  Gb  rtx_evr.o [2]
EvrRtxThreadPreempted         0xb13     0x2  Code  Gb  rtx_evr.o [2]
EvrRtxThreadSwitched          0xb3d     0x2  Code  Gb  rtx_evr.o [2]
EvrRtxThreadUnblocked         0xb11     0x2  Code  Gb  rtx_evr.o [2]
EvrRtxTimerCallback          0x29f9     0x2  Code  Gb  rtx_evr.o [2]
GPIODirModeSet               0x2031    0x28  Code  Gb  gpio.o [4]
GPIOIntClear                 0x21ad     0x8  Code  Gb  gpio.o [4]
GPIOIntEnable                0x21a7     0x6  Code  Gb  gpio.o [4]
GPIOIntTypeSet               0x2059    0x4c  Code  Gb  gpio.o [4]
GPIOJ_Handler                0x24e1    0x56  Code  Gb  Lab5.o [1]
GPIOJ_Handler::count    0x2000'1409     0x1  Data  Lc  Lab5.o [1]
GPIOJ_Handler::index_i  0x2000'1408     0x1  Data  Lc  Lab5.o [1]
GPIOPadConfigSet             0x20a5   0x102  Code  Gb  gpio.o [4]
GPIOPinTypeGPIOInput         0x21c1    0x14  Code  Gb  gpio.o [4]
GPIOPinTypeGPIOOutput        0x21d5     0xa  Code  Gb  gpio.o [4]
GPIOPinWrite                 0x21b5     0x8  Code  Gb  gpio.o [4]
IntEnable                    0x2715    0x52  Code  Gb  interrupt.o [4]
LEDInit                      0x23b1    0xba  Code  Gb  driverleds.o [1]
LEDWrite                     0x246b    0x64  Code  Gb  driverleds.o [1]
MessageQueueGet               0xe45    0x40  Code  Lc  rtx_msgqueue.o [2]
MessageQueuePut               0xdf9    0x4a  Code  Lc  rtx_msgqueue.o [2]
MessageQueueRemove            0xe85    0x1a  Code  Lc  rtx_msgqueue.o [2]
OS_Tick_AcknowledgeIRQ       0x16ad     0xc  Code  Gb  os_systick.o [2]
OS_Tick_Enable               0x1d59    0x2c  Code  Gb  os_systick.o [2]
OS_Tick_GetIRQn              0x1d51     0x6  Code  Gb  os_systick.o [2]
OS_Tick_Setup                0x1d11    0x40  Code  Gb  os_systick.o [2]
PendST                  0x2000'140a     0x1  Data  Lc  os_systick.o [2]
PendSV_Handler               0x2825          Code  Gb  irq_cm4f.o [2]
Region$$Table$$Base          0x2b04           --   Gb  - Linker created -
Region$$Table$$Limit         0x2b24           --   Gb  - Linker created -
SVC_Handler                  0x278d          Code  Gb  irq_cm4f.o [2]
SysCtlClockFreqSet           0x1df3   0x1fc  Code  Gb  sysctl.o [4]
SysCtlPeripheralEnable       0x1dd5     0x8  Code  Gb  sysctl.o [4]
SysCtlPeripheralReady        0x1db3     0x8  Code  Gb  sysctl.o [4]
SysTick_Handler              0x2835          Code  Gb  irq_cm4f.o [2]
SystemCoreClock         0x2000'140c     0x4  Data  Gb  system_TM4C1294_TW.o [1]
SystemInit                   0x2a65    0x1c  Code  Gb  system_TM4C1294_TW.o [1]
ThreadFlagsCheck              0x3c1    0x6c  Code  Lc  rtx_thread.o [2]
TimerInsert                  0x2851    0x38  Code  Lc  rtx_timer.o [2]
_SysCtlMemTimingGet          0x1d91    0x22  Code  Lc  sysctl.o [4]
__Vectors                       0x0           --   Gb  startup_TM4C1294.o [1]
__Vectors_End                 0x3c0          Data  Gb  startup_TM4C1294.o [1]
__Vectors_Size {Abs}          0x3c0           --   Gb  startup_TM4C1294.o [1]
__aeabi_memclr               0x14c1          Code  Gb  ABImemclr.o [5]
__aeabi_memclr4               0xce9          Code  Gb  ABImemclr4.o [5]
__aeabi_memcpy               0x1415          Code  Gb  ABImemcpy.o [5]
__aeabi_memcpy4              0x1435          Code  Gb  ABImemcpy.o [5]
__aeabi_memcpy8              0x1435          Code  Gb  ABImemcpy.o [5]
__cmain                      0x2b25          Code  Gb  cmain.o [5]
__exit                       0x2b59    0x14  Code  Gb  exit.o [6]
__iar_Memset4_word            0xdc1          Code  Gb  ABImemset48.o [5]
__iar_Memset8_word            0xdc1          Code  Gb  ABImemset48.o [5]
__iar_Memset_word            0x164d          Code  Gb  ABImemset.o [5]
__iar_data_init3             0x2a95    0x28  Code  Gb  data_init.o [5]
__iar_init_vfp               0x2b91          Code  Wk  startup_TM4C1294.o [1]
__iar_packbits_init_single3
                              0xb43    0x3a  Code  Gb  packbits_init_single.o [5]
__iar_program_start          0x2b6d          Code  Gb  cstartup_M.o [5]
__iar_zero_init3             0x29fb    0x38  Code  Gb  zero_init3.o [5]
__low_level_init             0x2b43     0x4  Code  Gb  low_level_init.o [3]
__vector_table                  0x0          Data  Gb  startup_TM4C1294.o [1]
__vector_table_0x1c            0x1c          Data  Gb  startup_TM4C1294.o [1]
_call_main                   0x2b31          Code  Gb  cmain.o [5]
_exit                        0x2b4d          Code  Gb  cexit.o [5]
buffer                  0x2000'13f4     0x8  Data  Gb  Lab5.o [1]
cheio_id                0x2000'1404     0x4  Data  Gb  Lab5.o [1]
consumidor                   0x2537    0x48  Code  Gb  Lab5.o [1]
consumidor_id           0x2000'13fc     0x4  Data  Gb  Lab5.o [1]
exit                         0x2b47     0x4  Code  Gb  exit.o [3]
g_pppui32XTALtoVCO           0x2200   0x1b0  Data  Lc  sysctl.o [4]
g_pui32EnRegs                0x2770    0x14  Data  Lc  interrupt.o [4]
g_pui32VCOFrequencies        0x2028     0x8  Data  Lc  sysctl.o [4]
g_pui32Xtals                 0x28e0    0x6c  Data  Lc  sysctl.o [4]
g_sXTALtoMEMTIM              0x2a34    0x30  Data  Lc  sysctl.o [4]
main                         0x257f    0x50  Code  Gb  Lab5.o [1]
osDelayUntil                 0x26d5    0x38  Code  Gb  rtx_delay.o [2]
osKernelGetState             0x1bf9    0x40  Code  Gb  rtx_kernel.o [2]
osKernelGetTickCount         0x1c6d    0x20  Code  Gb  rtx_kernel.o [2]
osKernelInitialize           0x1bc1    0x38  Code  Gb  rtx_kernel.o [2]
osKernelStart                0x1c39    0x34  Code  Gb  rtx_kernel.o [2]
osMessageQueueGet            0x1371    0x90  Code  Gb  rtx_msgqueue.o [2]
osMessageQueueNew            0x1299    0x3e  Code  Gb  rtx_msgqueue.o [2]
osMessageQueuePut            0x12d9    0x98  Code  Gb  rtx_msgqueue.o [2]
osRtxConfig                  0x294c    0x68  Data  Gb  rtx_lib.o [1]
osRtxErrorNotify              0xd97    0x20  Code  Gb  RTX_Config.o [1]
osRtxIdleThread               0xd3b     0x2  Code  Gb  RTX_Config.o [1]
osRtxInfo               0x2000'0000    0xa4  Data  Gb  rtx_kernel.o [2]
osRtxKernelPreInit           0x1d87     0x2  Code  Gb  rtx_lib.o [1]
osRtxMemoryAlloc              0xc65    0x84  Code  Gb  rtx_memory.o [2]
osRtxMemoryFree               0xcf1    0x4a  Code  Gb  rtx_memory.o [2]
osRtxMemoryInit              0x1cc7    0x44  Code  Gb  rtx_memory.o [2]
osRtxMemoryPoolAlloc          0xbc9    0x44  Code  Gb  rtx_mempool.o [2]
osRtxMemoryPoolFree           0xc0d    0x56  Code  Gb  rtx_mempool.o [2]
osRtxMemoryPoolInit           0xb7d    0x4a  Code  Gb  rtx_mempool.o [2]
osRtxMessageQueuePostProcess
                              0xe9f    0xe6  Code  Lc  rtx_msgqueue.o [2]
osRtxMutexOwnerRelease        0xd3d    0x52  Code  Gb  rtx_mutex.o [2]
osRtxPendSV_Handler          0x1545    0x8a  Code  Gb  rtx_system.o [2]
osRtxPostProcess             0x15d1    0x6e  Code  Gb  rtx_system.o [2]
osRtxSemaphorePostProcess
                             0x16b9    0x42  Code  Lc  rtx_semaphore.o [2]
osRtxThreadBlock              0x629    0x34  Code  Lc  rtx_thread.o [2]
osRtxThreadDelayInsert        0x481    0x62  Code  Lc  rtx_thread.o [2]
osRtxThreadDelayRemove        0x4e3    0x44  Code  Lc  rtx_thread.o [2]
osRtxThreadDelayTick          0x527    0xee  Code  Gb  rtx_thread.o [2]
osRtxThreadDispatch           0x679    0x54  Code  Gb  rtx_thread.o [2]
osRtxThreadFree               0x967    0x56  Code  Lc  rtx_thread.o [2]
osRtxThreadListGet            0x44f    0x14  Code  Gb  rtx_thread.o [2]
osRtxThreadListPut            0x42d    0x22  Code  Gb  rtx_thread.o [2]
osRtxThreadListRemove         0x463    0x16  Code  Gb  rtx_thread.o [2]
osRtxThreadPostProcess        0x741    0x54  Code  Lc  rtx_thread.o [2]
osRtxThreadReadyPut           0x479     0x8  Code  Gb  rtx_thread.o [2]
osRtxThreadRegPtr             0x615    0x14  Code  Gb  rtx_thread.o [2]
osRtxThreadStackCheck         0xb15    0x28  Code  Gb  rtx_thread.o [2]
osRtxThreadStartup            0xa51    0x30  Code  Gb  rtx_thread.o [2]
osRtxThreadSwitch             0x65d    0x1c  Code  Gb  rtx_thread.o [2]
osRtxThreadWaitEnter          0x707    0x3a  Code  Gb  rtx_thread.o [2]
osRtxThreadWaitExit           0x6d3    0x2e  Code  Gb  rtx_thread.o [2]
osRtxTick_Handler            0x14d5    0x6e  Code  Gb  rtx_system.o [2]
osRtxTimerThread             0x29b5    0x44  Code  Gb  rtx_timer.o [2]
osRtxTimerTick               0x2889    0x54  Code  Lc  rtx_timer.o [2]
osRtxUserSVC                 0x2bb4     0x4  Data  Gb  rtx_lib.o [1]
osSemaphoreAcquire           0x18c9    0x7e  Code  Gb  rtx_semaphore.o [2]
osSemaphoreNew               0x1889    0x3e  Code  Gb  rtx_semaphore.o [2]
osSemaphoreRelease           0x1949    0x8a  Code  Gb  rtx_semaphore.o [2]
osThreadExit                  0xacd    0x16  Code  Gb  rtx_thread.o [2]
osThreadNew                   0xa85    0x40  Code  Gb  rtx_thread.o [2]
os_idle_thread_attr          0x2abc    0x24  Data  Lc  rtx_lib.o [1]
os_idle_thread_cb       0x2000'12f8    0x44  Data  Lc  rtx_lib.o [1]
os_idle_thread_stack    0x2000'10a8   0x100  Data  Lc  rtx_lib.o [1]
os_isr_queue            0x2000'1380    0x40  Data  Lc  rtx_lib.o [1]
os_mem                  0x2000'00a8  0x1000  Data  Lc  rtx_lib.o [1]
os_timer_mq_attr             0x2b9c    0x18  Data  Lc  rtx_lib.o [1]
os_timer_mq_cb          0x2000'13c0    0x34  Data  Lc  rtx_lib.o [1]
os_timer_mq_data        0x2000'12a8    0x50  Data  Lc  rtx_lib.o [1]
os_timer_thread_attr         0x2ae0    0x24  Data  Lc  rtx_lib.o [1]
os_timer_thread_cb      0x2000'133c    0x44  Data  Lc  rtx_lib.o [1]
os_timer_thread_stack   0x2000'11a8   0x100  Data  Lc  rtx_lib.o [1]
svcRtxDelayUntil             0x2699    0x3c  Code  Lc  rtx_delay.o [2]
svcRtxKernelGetState         0x1b13    0x12  Code  Lc  rtx_kernel.o [2]
svcRtxKernelGetTickCount
                             0x1bbb     0x4  Code  Lc  rtx_kernel.o [2]
svcRtxKernelInitialize       0x19fd   0x116  Code  Lc  rtx_kernel.o [2]
svcRtxKernelStart            0x1b25    0x96  Code  Lc  rtx_kernel.o [2]
svcRtxMessageQueueGet        0x1189    0xe8  Code  Lc  rtx_msgqueue.o [2]
svcRtxMessageQueueNew         0xf85   0x130  Code  Lc  rtx_msgqueue.o [2]
svcRtxMessageQueuePut        0x10b5    0xd4  Code  Lc  rtx_msgqueue.o [2]
svcRtxSemaphoreAcquire       0x1795    0x6e  Code  Lc  rtx_semaphore.o [2]
svcRtxSemaphoreNew           0x16fb    0x98  Code  Lc  rtx_semaphore.o [2]
svcRtxSemaphoreRelease       0x1805    0x70  Code  Lc  rtx_semaphore.o [2]
svcRtxThreadExit              0x9bd    0x8e  Code  Lc  rtx_thread.o [2]
svcRtxThreadNew               0x795   0x1cc  Code  Lc  rtx_thread.o [2]
vazio_id                0x2000'1400     0x4  Data  Gb  Lab5.o [1]


[1] = C:\Users\andré\Desktop\UTFPR\Sistemas Embarcados\TM4C1294_RTOS_IAR9-main\Projects\Laboratorio_05\Debug\Obj
[2] = RTX_CM.a
[3] = dl7M_tln.a
[4] = driverlib.a
[5] = rt7M_tl.a
[6] = shb_l.a

  10'366 bytes of readonly  code memory
     839 bytes of readonly  data memory
  37'903 bytes of readwrite data memory

Errors: none
Warnings: none
